============================= test session starts ==============================
platform linux -- Python 3.14.3, pytest-9.0.3, pluggy-1.6.0
rootdir: /var/home/niklas/Documents/dev/auto-traitor
configfile: pyproject.toml
plugins: asyncio-1.3.0, timeout-2.4.0, anyio-4.12.1
asyncio: mode=Mode.AUTO, debug=False, asyncio_default_fixture_loop_scope=None, asyncio_default_test_loop_scope=function
collected 44 items

!!!!!!!!!!!!!!!!!!!!!!!!!!!!!! KeyboardInterrupt !!!!!!!!!!!!!!!!!!!!!!!!!!!!!!!
/usr/lib64/python3.14/fnmatch.py:92: KeyboardInterrupt
(to show a full traceback on KeyboardInterrupt use --full-trace)
============================ no tests ran in 1.25s =============================
