============================= test session starts ==============================
platform linux -- Python 3.14.3, pytest-9.0.3, pluggy-1.6.0
rootdir: /var/home/niklas/Documents/dev/auto-traitor
configfile: pyproject.toml
plugins: asyncio-1.3.0, timeout-2.4.0, anyio-4.12.1
asyncio: mode=Mode.AUTO, debug=False, asyncio_default_fixture_loop_scope=None, asyncio_default_test_loop_scope=function
timeout: 15.0s
timeout method: signal
timeout func_only: False
collected 26 items

tests/test_phase9_to_16.py ........................F

=================================== FAILURES ===================================
_______________ TestWFOScheduler.test_run_wfo_writes_promotions ________________
/var/home/niklas/Documents/dev/auto-traitor/tests/test_phase9_to_16.py:263: in test_run_wfo_writes_promotions
    result = asyncio.get_event_loop().run_until_complete(
             ^^^^^^^^^^^^^^^^^^^^^^^^
/usr/lib64/python3.14/asyncio/events.py:715: in get_event_loop
    raise RuntimeError('There is no current event loop in thread %r.'
E   RuntimeError: There is no current event loop in thread 'MainThread'.
=========================== short test summary info ============================
FAILED tests/test_phase9_to_16.py::TestWFOScheduler::test_run_wfo_writes_promotions
!!!!!!!!!!!!!!!!!!!!!!!!!! stopping after 1 failures !!!!!!!!!!!!!!!!!!!!!!!!!!!
========================= 1 failed, 24 passed in 1.84s =========================
